// Jest Snapshot v1, https://goo.gl/fbAQLP

exports[`Loading Component should render correctly 1`] = `
<div>
  <div
    aria-label="Loading"
    class="relative inline-flex flex-col gap-2 items-center justify-center"
  >
    <div
      class="relative flex translate-y-2/4 w-12 h-12"
    >
      <i
        class="relative rounded-full mx-auto size-2 bg-primary animate-blink spinner-dot-blink-animation"
        style="--dot-index: 0;"
      />
      <i
        class="relative rounded-full mx-auto size-2 bg-primary animate-blink spinner-dot-blink-animation"
        style="--dot-index: 1;"
      />
      <i
        class="relative rounded-full mx-auto size-2 bg-primary animate-blink spinner-dot-blink-animation"
        style="--dot-index: 2;"
      />
    </div>
  </div>
</div>
`;
