// Jest Snapshot v1, https://goo.gl/fbAQLP

exports[`NumberInput should render correctly 1`] = `
<div>
  <div
    class="flex flex-col gap-2 w-fit"
  >
    <div
      class="flex w-32 h-12 items-center gap-2 border border-gray-300 rounded-base"
    >
      <button
        class="z-0 group relative inline-flex items-center justify-center box-border appearance-none select-none whitespace-nowrap font-normal subpixel-antialiased overflow-hidden tap-highlight-transparent outline-none data-[focus-visible=true]:z-10 data-[focus-visible=true]:outline-2 data-[focus-visible=true]:outline-focus data-[focus-visible=true]:outline-offset-2 gap-2 opacity-disabled pointer-events-none [&>svg]:max-w-[theme(spacing.8)] transition-transform-colors-opacity motion-reduce:transition-none border-default data-[hover=true]:opacity-hover border-1 text-foreground-100 disabled:opacity-50 text-base rounded-base data-[pressed=true]:scale-[1] font-poppins w-11 h-12 min-w-11 px-0 py-0 bg-transparent hover:bg-gray-300 rounded-none border-none"
        data-disabled="true"
        disabled=""
        title="Decrease"
        type="button"
      >
        <svg
          class="lucide lucide-minus text-black"
          fill="none"
          height="9"
          stroke="currentColor"
          stroke-linecap="round"
          stroke-linejoin="round"
          stroke-width="2"
          viewBox="0 0 24 24"
          width="9"
          xmlns="http://www.w3.org/2000/svg"
        >
          <path
            d="M5 12h14"
          />
        </svg>
      </button>
      <span
        class="text-base font-normal font-jost w-10 text-center"
      >
        1
      </span>
      <button
        class="z-0 group relative inline-flex items-center justify-center box-border appearance-none select-none whitespace-nowrap font-normal subpixel-antialiased overflow-hidden tap-highlight-transparent outline-none data-[focus-visible=true]:z-10 data-[focus-visible=true]:outline-2 data-[focus-visible=true]:outline-focus data-[focus-visible=true]:outline-offset-2 px-4 gap-2 [&>svg]:max-w-[theme(spacing.8)] transition-transform-colors-opacity motion-reduce:transition-none border-default data-[hover=true]:opacity-hover border-1 text-foreground-100 disabled:opacity-50 py-5 text-base rounded-base data-[pressed=true]:scale-[1] font-poppins w-11 h-12 min-w-11 bg-transparent hover:bg-gray-300 rounded-none border-none"
        title="Increase"
        type="button"
      >
        <svg
          class="lucide lucide-plus text-black"
          fill="none"
          height="9"
          stroke="currentColor"
          stroke-linecap="round"
          stroke-linejoin="round"
          stroke-width="2"
          viewBox="0 0 24 24"
          width="9"
          xmlns="http://www.w3.org/2000/svg"
        >
          <path
            d="M5 12h14"
          />
          <path
            d="M12 5v14"
          />
        </svg>
      </button>
    </div>
  </div>
</div>
`;
