// Jest Snapshot v1, https://goo.gl/fbAQLP

exports[`BannerInstagram should render correctly 1`] = `
<div>
  <div
    class="bg-gradient-white flex flex-col items-center justify-center w-full"
  >
    <h3
      class="text-4xl font-volkhov text-primary-200 text-center mt-16"
    >
      Follow Us On Instagram
    </h3>
    <p
      class="max-w-[614px] text-center text-gray-500 font-poppins mt-5"
    >
      Lorem ipsum dolor sit amet, consectetur adipiscing elit. Scelerisque duis ultrices sollicitudin aliquam sem. Scelerisque duis ultrices sollicitudin
    </p>
    <div
      class="relative w-full max-w-[1920px] h-[380px] mt-24"
    >
      <img
        alt="Sign In Image"
        data-nimg="fill"
        decoding="async"
        sizes="100vw"
        src="/_next/image?url=%2Fimg.jpg&w=3840&q=100"
        srcset="/_next/image?url=%2Fimg.jpg&w=640&q=100 640w, /_next/image?url=%2Fimg.jpg&w=750&q=100 750w, /_next/image?url=%2Fimg.jpg&w=828&q=100 828w, /_next/image?url=%2Fimg.jpg&w=1080&q=100 1080w, /_next/image?url=%2Fimg.jpg&w=1200&q=100 1200w, /_next/image?url=%2Fimg.jpg&w=1920&q=100 1920w, /_next/image?url=%2Fimg.jpg&w=2048&q=100 2048w, /_next/image?url=%2Fimg.jpg&w=3840&q=100 3840w"
        style="position: absolute; height: 100%; width: 100%; left: 0px; top: 0px; right: 0px; bottom: 0px; object-fit: cover; color: transparent;"
      />
    </div>
  </div>
</div>
`;
