// Jest Snapshot v1, https://goo.gl/fbAQLP

exports[`Rating should render correctly 1`] = `
<div>
  <div
    class="flex gap-1"
  >
    <svg
      class="lucide lucide-star fill-black text-black"
      fill="none"
      height="19"
      stroke="currentColor"
      stroke-linecap="round"
      stroke-linejoin="round"
      stroke-width="2"
      viewBox="0 0 24 24"
      width="19"
      xmlns="http://www.w3.org/2000/svg"
    >
      <polygon
        points="12 2 15.09 8.26 22 9.27 17 14.14 18.18 21.02 12 17.77 5.82 21.02 7 14.14 2 9.27 8.91 8.26 12 2"
      />
    </svg>
    <svg
      class="lucide lucide-star fill-black text-black"
      fill="none"
      height="19"
      stroke="currentColor"
      stroke-linecap="round"
      stroke-linejoin="round"
      stroke-width="2"
      viewBox="0 0 24 24"
      width="19"
      xmlns="http://www.w3.org/2000/svg"
    >
      <polygon
        points="12 2 15.09 8.26 22 9.27 17 14.14 18.18 21.02 12 17.77 5.82 21.02 7 14.14 2 9.27 8.91 8.26 12 2"
      />
    </svg>
    <svg
      class="lucide lucide-star fill-black text-black"
      fill="none"
      height="19"
      stroke="currentColor"
      stroke-linecap="round"
      stroke-linejoin="round"
      stroke-width="2"
      viewBox="0 0 24 24"
      width="19"
      xmlns="http://www.w3.org/2000/svg"
    >
      <polygon
        points="12 2 15.09 8.26 22 9.27 17 14.14 18.18 21.02 12 17.77 5.82 21.02 7 14.14 2 9.27 8.91 8.26 12 2"
      />
    </svg>
    <svg
      class="lucide lucide-star fill-black text-black"
      fill="none"
      height="19"
      stroke="currentColor"
      stroke-linecap="round"
      stroke-linejoin="round"
      stroke-width="2"
      viewBox="0 0 24 24"
      width="19"
      xmlns="http://www.w3.org/2000/svg"
    >
      <polygon
        points="12 2 15.09 8.26 22 9.27 17 14.14 18.18 21.02 12 17.77 5.82 21.02 7 14.14 2 9.27 8.91 8.26 12 2"
      />
    </svg>
    <svg
      class="lucide lucide-star fill-black text-black"
      fill="none"
      height="19"
      stroke="currentColor"
      stroke-linecap="round"
      stroke-linejoin="round"
      stroke-width="2"
      viewBox="0 0 24 24"
      width="19"
      xmlns="http://www.w3.org/2000/svg"
    >
      <polygon
        points="12 2 15.09 8.26 22 9.27 17 14.14 18.18 21.02 12 17.77 5.82 21.02 7 14.14 2 9.27 8.91 8.26 12 2"
      />
    </svg>
  </div>
</div>
`;
