// Jest Snapshot v1, https://goo.gl/fbAQLP

exports[`Button should render snapshot 1`] = `
<div>
  <button
    class="z-0 group relative inline-flex items-center justify-center box-border appearance-none select-none whitespace-nowrap font-normal subpixel-antialiased overflow-hidden tap-highlight-transparent outline-none data-[focus-visible=true]:z-10 data-[focus-visible=true]:outline-2 data-[focus-visible=true]:outline-focus data-[focus-visible=true]:outline-offset-2 px-4 min-w-20 h-10 gap-2 rounded-medium [&>svg]:max-w-[theme(spacing.8)] transition-transform-colors-opacity motion-reduce:transition-none border-default data-[hover=true]:opacity-hover border-1 bg-primary-300 text-foreground-100 disabled:opacity-50 w-full py-5 text-base rounded-base data-[pressed=true]:scale-[1] font-poppins"
    type="button"
  >
    Default Button
  </button>
</div>
`;
