// Jest Snapshot v1, https://goo.gl/fbAQLP

exports[`Footer should render correctly 1`] = `
<div>
  <nav
    class="flex z-40 w-full h-auto items-center justify-center data-[menu-open=true]:border-none sticky top-0 inset-x-0 backdrop-blur-lg data-[menu-open=true]:backdrop-blur-xl backdrop-saturate-150 bg-background/70 py-8 border-t mt-10 border-t-primary-200"
    style="--navbar-height: 4rem;"
  >
    <header
      class="z-40 flex px-6 gap-4 w-full flex-row relative flex-nowrap items-center justify-between h-[var(--navbar-height)] max-w-[1536px]"
    >
      <div
        class="flex basis-0 flex-row flex-grow flex-nowrap justify-start bg-transparent items-center no-underline text-medium whitespace-nowrap box-border"
      >
        <h2
          class="text-2xl font-volkhov"
        >
          FASCO
        </h2>
      </div>
      <div
        class="hidden sm:flex gap-14 items-center"
      >
        <ul
          class="h-full flex-row flex-nowrap items-center data-[justify=start]:justify-start data-[justify=start]:flex-grow data-[justify=start]:basis-0 data-[justify=center]:justify-center data-[justify=end]:justify-end data-[justify=end]:flex-grow data-[justify=end]:basis-0 hidden sm:flex gap-14"
          data-justify="center"
        >
          <li
            class="text-medium whitespace-nowrap box-border list-none font-poppins text-foreground-400 hover:border-b-2 hover:border-b-primary-200 data-[active=true]:border-b-2 data-[active=true]:border-b-primary-200 data-[active=true]:font-normal"
          >
            <a
              href="/support-center"
            >
              Support Center
            </a>
          </li>
          <li
            class="text-medium whitespace-nowrap box-border list-none font-poppins text-foreground-400 hover:border-b-2 hover:border-b-primary-200 data-[active=true]:border-b-2 data-[active=true]:border-b-primary-200 data-[active=true]:font-normal"
          >
            <a
              href="/invoicing"
            >
              Invoicing
            </a>
          </li>
          <li
            class="text-medium whitespace-nowrap box-border list-none font-poppins text-foreground-400 hover:border-b-2 hover:border-b-primary-200 data-[active=true]:border-b-2 data-[active=true]:border-b-primary-200 data-[active=true]:font-normal"
          >
            <a
              href="/contract"
            >
              Contract
            </a>
          </li>
          <li
            class="text-medium whitespace-nowrap box-border list-none font-poppins text-foreground-400 hover:border-b-2 hover:border-b-primary-200 data-[active=true]:border-b-2 data-[active=true]:border-b-primary-200 data-[active=true]:font-normal"
          >
            <a
              href="/careers"
            >
              Careers
            </a>
          </li>
          <li
            class="text-medium whitespace-nowrap box-border list-none font-poppins text-foreground-400 hover:border-b-2 hover:border-b-primary-200 data-[active=true]:border-b-2 data-[active=true]:border-b-primary-200 data-[active=true]:font-normal"
          >
            <a
              href="/blog"
            >
              Blog
            </a>
          </li>
          <li
            class="text-medium whitespace-nowrap box-border list-none font-poppins text-foreground-400 hover:border-b-2 hover:border-b-primary-200 data-[active=true]:border-b-2 data-[active=true]:border-b-primary-200 data-[active=true]:font-normal"
          >
            <a
              href="/faq"
            >
              FAQ,s
            </a>
          </li>
        </ul>
      </div>
    </header>
  </nav>
</div>
`;
